[    0.000000] Initializing cgroup subsys cpuset
[    0.000000] Initializing cgroup subsys cpu
[    0.000000] Initializing cgroup subsys cpuacct
[    0.000000] Linux version 4.4.0-210-generic (buildd@lgw01-amd64-009) (gcc version 5.4.0 20160609 (Ubuntu 5.4.0-6ubuntu1~16.04.12) ) #242-Ubuntu SMP Fri Apr 16 09:57:56 UTC 2021 (Ubuntu 4.4.0-210.242-generic 4.4.262)
[    0.000000] Command line: BOOT_IMAGE=/boot/vmlinuz-4.4.0-210-generic root=LABEL=cloudimg-rootfs ro console=tty1 console=ttyS0
[    0.000000] KERNEL supported cpus:
[    0.000000]   Intel GenuineIntel
[    0.000000]   AMD AuthenticAMD
[    0.000000]   Centaur CentaurHauls
[    0.000000] x86/fpu: Legacy x87 FPU detected.
[    0.000000] e820: BIOS-provided physical RAM map:
[    0.000000] BIOS-e820: [mem 0x0000000000000000-0x000000000009fbff] usable
[    0.000000] BIOS-e820: [mem 0x000000000009fc00-0x000000000009ffff] reserved
[    0.000000] BIOS-e820: [mem 0x00000000000f0000-0x00000000000fffff] reserved
[    0.000000] BIOS-e820: [mem 0x0000000000100000-0x000000003ffeffff] usable
[    0.000000] BIOS-e820: [mem 0x000000003fff0000-0x000000003fffffff] ACPI data
[    0.000000] BIOS-e820: [mem 0x00000000fec00000-0x00000000fec00fff] reserved
[    0.000000] BIOS-e820: [mem 0x00000000fee00000-0x00000000fee00fff] reserved
[    0.000000] BIOS-e820: [mem 0x00000000fffc0000-0x00000000ffffffff] reserved
[    0.000000] NX (Execute Disable) protection: active
[    0.000000] SMBIOS 2.5 present.
[    0.000000] Hypervisor detected: KVM
[    0.000000] Kernel/User page tables isolation: disabled
[    0.000000] e820: last_pfn = 0x3fff0 max_arch_pfn = 0x400000000
[    0.000000] MTRR: Disabled
[    0.000000] x86/PAT: MTRRs disabled, skipping PAT initialization too.
[    0.000000] CPU MTRRs all blank - virtualized system.
[    0.000000] x86/PAT: Configuration [0-7]: WB  WT  UC- UC  WB  WT  UC- UC  
[    0.000000] found SMP MP-table at [mem 0x0009fff0-0x0009ffff] mapped at [ffff88000009fff0]
[    0.000000] Scanning 1 areas for low memory corruption
[    0.000000] RAMDISK: [mem 0x362dc000-0x37165fff]
[    0.000000] ACPI: Early table checksum verification disabled
[    0.000000] ACPI: RSDP 0x00000000000E0000 000024 (v02 VBOX  )
[    0.000000] ACPI: XSDT 0x000000003FFF0030 00003C (v01 VBOX   VBOXXSDT 00000001 ASL  00000061)
[    0.000000] ACPI: FACP 0x000000003FFF00F0 0000F4 (v04 VBOX   VBOXFACP 00000001 ASL  00000061)
[    0.000000] ACPI: DSDT 0x000000003FFF0610 002353 (v02 VBOX   VBOXBIOS 00000002 INTL 20100528)
[    0.000000] ACPI: FACS 0x000000003FFF0200 000040
[    0.000000] ACPI: FACS 0x000000003FFF0200 000040
[    0.000000] ACPI: APIC 0x000000003FFF0240 00005C (v02 VBOX   VBOXAPIC 00000001 ASL  00000061)
[    0.000000] ACPI: SSDT 0x000000003FFF02A0 00036C (v01 VBOX   VBOXCPUT 00000002 INTL 20100528)
[    0.000000] No NUMA configuration found
[    0.000000] Faking a node at [mem 0x0000000000000000-0x000000003ffeffff]
[    0.000000] NODE_DATA(0) allocated [mem 0x3ffeb000-0x3ffeffff]
[    0.000000] kvm-clock: Using msrs 4b564d01 and 4b564d00
[    0.000000] kvm-clock: cpu 0, msr 0:3ffe3001, primary cpu clock
[    0.000000] kvm-clock: using sched offset of 3571754908 cycles
[    0.000000] clocksource: kvm-clock: mask: 0xffffffffffffffff max_cycles: 0x1cd42e4dffb, max_idle_ns: 881590591483 ns
[    0.000000] Zone ranges:
[    0.000000]   DMA      [mem 0x0000000000001000-0x0000000000ffffff]
[    0.000000]   DMA32    [mem 0x0000000001000000-0x000000003ffeffff]
[    0.000000]   Normal   empty
[    0.000000]   Device   empty
[    0.000000] Movable zone start for each node
[    0.000000] Early memory node ranges
[    0.000000]   node   0: [mem 0x0000000000001000-0x000000000009efff]
[    0.000000]   node   0: [mem 0x0000000000100000-0x000000003ffeffff]
[    0.000000] Initmem setup node 0 [mem 0x0000000000001000-0x000000003ffeffff]
[    0.000000] ACPI: PM-Timer IO Port: 0x4008
[    0.000000] IOAPIC[0]: apic_id 2, version 32, address 0xfec00000, GSI 0-23
[    0.000000] ACPI: INT_SRC_OVR (bus 0 bus_irq 0 global_irq 2 dfl dfl)
[    0.000000] ACPI: INT_SRC_OVR (bus 0 bus_irq 9 global_irq 9 low level)
[    0.000000] Using ACPI (MADT) for SMP configuration information
[    0.000000] smpboot: Allowing 2 CPUs, 0 hotplug CPUs
[    0.000000] PM: Registered nosave memory: [mem 0x00000000-0x00000fff]
[    0.000000] PM: Registered nosave memory: [mem 0x0009f000-0x0009ffff]
[    0.000000] PM: Registered nosave memory: [mem 0x000a0000-0x000effff]
[    0.000000] PM: Registered nosave memory: [mem 0x000f0000-0x000fffff]
[    0.000000] e820: [mem 0x40000000-0xfebfffff] available for PCI devices
[    0.000000] Booting paravirtualized kernel on KVM
[    0.000000] clocksource: refined-jiffies: mask: 0xffffffff max_cycles: 0xffffffff, max_idle_ns: 7645519600211568 ns
[    0.000000] setup_percpu: NR_CPUS:512 nr_cpumask_bits:512 nr_cpu_ids:2 nr_node_ids:1
[    0.000000] PERCPU: Embedded 33 pages/cpu @ffff88003fc00000 s95192 r8192 d31784 u1048576
[    0.000000] Built 1 zonelists in Node order, mobility grouping on.  Total pages: 257912
[    0.000000] Policy zone: DMA32
[    0.000000] Kernel command line: BOOT_IMAGE=/boot/vmlinuz-4.4.0-210-generic root=LABEL=cloudimg-rootfs ro console=tty1 console=ttyS0
[    0.000000] PID hash table entries: 4096 (order: 3, 32768 bytes)
[    0.000000] Memory: 997792K/1048120K available (8644K kernel code, 1332K rwdata, 4044K rodata, 1492K init, 1164K bss, 50328K reserved, 0K cma-reserved)
[    0.000000] SLUB: HWalign=64, Order=0-3, MinObjects=0, CPUs=2, Nodes=1
[    0.000000] Hierarchical RCU implementation.
[    0.000000] 	Build-time adjustment of leaf fanout to 64.
[    0.000000] 	RCU restricting CPUs from NR_CPUS=512 to nr_cpu_ids=2.
[    0.000000] RCU: Adjusting geometry for rcu_fanout_leaf=64, nr_cpu_ids=2
[    0.000000] NR_IRQS:33024 nr_irqs:440 16
[    0.000000] Console: colour VGA+ 80x25
[    0.000000] console [tty1] enabled
[    0.000000] console [ttyS0] enabled
[    0.000000] tsc: Detected 2112.006 MHz processor
[    0.594055] Calibrating delay loop (skipped) preset value.. 4224.01 BogoMIPS (lpj=8448024)
[    0.601835] pid_max: default: 32768 minimum: 301
[    0.606219] ACPI: Core revision 20150930
[    0.611291] ACPI: 2 ACPI AML tables successfully acquired and loaded
[    0.619919] Security Framework initialized
[    0.623958] Yama: becoming mindful.
[    0.627504] AppArmor: AppArmor initialized
[    0.632932] Dentry cache hash table entries: 131072 (order: 8, 1048576 bytes)
[    0.644046] Inode-cache hash table entries: 65536 (order: 7, 524288 bytes)
[    0.652764] Mount-cache hash table entries: 2048 (order: 2, 16384 bytes)
[    0.660244] Mountpoint-cache hash table entries: 2048 (order: 2, 16384 bytes)
[    0.668171] Initializing cgroup subsys io
[    0.672244] Initializing cgroup subsys memory
[    0.676463] Initializing cgroup subsys devices
[    0.681028] Initializing cgroup subsys freezer
[    0.686502] Initializing cgroup subsys net_cls
[    0.691067] Initializing cgroup subsys perf_event
[    0.696345] Initializing cgroup subsys net_prio
[    0.703260] Initializing cgroup subsys hugetlb
[    0.708534] Initializing cgroup subsys pids
[    0.726669] mce: CPU supports 0 MCE banks
[    0.733119] Last level iTLB entries: 4KB 64, 2MB 8, 4MB 8
[    0.738212] Last level dTLB entries: 4KB 64, 2MB 0, 4MB 0, 1GB 4
[    0.745096] Spectre V1 : Mitigation: usercopy/swapgs barriers and __user pointer sanitization
[    0.754788] Spectre V2 : Mitigation: Enhanced IBRS
[    0.759294] Spectre V2 : Spectre v2 / SpectreRSB mitigation: Filling RSB on context switch
[    0.767131] Speculative Store Bypass: Vulnerable
[    0.771525] SRBDS: Mitigation: TSX disabled
[    0.819649] Freeing SMP alternatives memory: 36K
[    0.927107] ftrace: allocating 32380 entries in 127 pages
[    1.482898] smpboot: APIC(0) Converting physical 0 to logical package 0
[    1.492129] smpboot: Max logical packages: 1
[    1.511047] ..TIMER: vector=0x30 apic1=0 pin1=2 apic2=-1 pin2=-1
[    1.626010] smpboot: CPU0: Intel(R) Core(TM) i5-10210U CPU @ 1.60GHz (family: 0x6, model: 0x8e, stepping: 0xc)
[    1.636673] Performance Events: unsupported p6 CPU model 142 no PMU driver, software events only.
[    1.731695] KVM setup paravirtual spinlock
[    1.738653] x86: Booting SMP configuration:
[    1.742703] .... node  #0, CPUs:      #1
[    1.748011] kvm-clock: cpu 1, msr 0:3ffe3041, secondary cpu clock
[    1.766241] mce: CPU supports 0 MCE banks
[    1.771057] TSC synchronization [CPU#0 -> CPU#1]:
[    1.775657] Measured 109534 cycles TSC warp between CPUs, turning off TSC clock.
[    1.782949] tsc: Marking TSC unstable due to check_tsc_sync_source failed
[    0.566705] x86: Booted up 1 node, 2 CPUs
[    0.568003] smpboot: Total of 2 processors activated (8448.02 BogoMIPS)
[    0.576745] devtmpfs: initialized
[    0.582231] evm: security.selinux
[    0.584006] evm: security.SMACK64
[    0.588002] evm: security.SMACK64EXEC
[    0.591307] evm: security.SMACK64TRANSMUTE
[    0.592002] evm: security.SMACK64MMAP
[    0.596002] evm: security.ima
[    0.600003] evm: security.capability
[    0.604302] clocksource: jiffies: mask: 0xffffffff max_cycles: 0xffffffff, max_idle_ns: 7645041785100000 ns
[    0.608010] futex hash table entries: 512 (order: 3, 32768 bytes)
[    0.612407] pinctrl core: initialized pinctrl subsystem
[    0.616365] RTC time: 22:49:04, date: 03/30/23
[    0.624778] NET: Registered protocol family 16
[    0.640013] cpuidle: using governor ladder
[    0.656014] cpuidle: using governor menu
[    0.660128] PCCT header not found.
[    0.664146] ACPI: bus type PCI registered
[    0.668004] acpiphp: ACPI Hot Plug PCI Controller Driver version: 0.5
[    0.672494] PCI: Using configuration type 1 for base access
[    0.700273] ACPI: Added _OSI(Module Device)
[    0.704003] ACPI: Added _OSI(Processor Device)
[    0.708002] ACPI: Added _OSI(3.0 _SCP Extensions)
[    0.712002] ACPI: Added _OSI(Processor Aggregator Device)
[    0.720369] ACPI: Executed 1 blocks of module-level executable AML code
[    0.732077] ACPI: Interpreter enabled
[    0.736010] ACPI: (supports S0 S5)
[    0.740005] ACPI: Using IOAPIC for interrupt routing
[    0.744436] PCI: Using host bridge windows from ACPI; if necessary, use "pci=nocrs" and report a bug
[    0.760417] ACPI: PCI Root Bridge [PCI0] (domain 0000 [bus 00-ff])
[    0.764017] acpi PNP0A03:00: _OSC: OS supports [ASPM ClockPM Segments MSI]
[    0.768744] acpi PNP0A03:00: _OSC: not requesting OS control; OS requires [ExtendedConfig ASPM ClockPM MSI]
[    0.772021] acpi PNP0A03:00: fail to add MMCONFIG information, can't access extended PCI configuration space under this bridge.
[    0.780604] PCI host bridge to bus 0000:00
[    0.784006] pci_bus 0000:00: root bus resource [io  0x0000-0x0cf7 window]
[    0.788013] pci_bus 0000:00: root bus resource [io  0x0d00-0xffff window]
[    0.792008] pci_bus 0000:00: root bus resource [mem 0x000a0000-0x000bffff window]
[    0.796012] pci_bus 0000:00: root bus resource [mem 0x40000000-0xfdffffff window]
[    0.800008] pci_bus 0000:00: root bus resource [bus 00-ff]
[    0.811078] pci 0000:00:01.1: legacy IDE quirk: reg 0x10: [io  0x01f0-0x01f7]
[    0.812003] pci 0000:00:01.1: legacy IDE quirk: reg 0x14: [io  0x03f6]
[    0.816003] pci 0000:00:01.1: legacy IDE quirk: reg 0x18: [io  0x0170-0x0177]
[    0.820005] pci 0000:00:01.1: legacy IDE quirk: reg 0x1c: [io  0x0376]
[    0.851005] pci 0000:00:07.0: quirk: [io  0x4000-0x403f] claimed by PIIX4 ACPI
[    0.852042] pci 0000:00:07.0: quirk: [io  0x4100-0x410f] claimed by PIIX4 SMB
[    0.868486] ACPI: PCI Interrupt Link [LNKA] (IRQs 5 9 10 *11)
[    0.880478] ACPI: PCI Interrupt Link [LNKB] (IRQs 5 9 *10 11)
[    0.890511] ACPI: PCI Interrupt Link [LNKC] (IRQs 5 *9 10 11)
[    0.896742] ACPI: PCI Interrupt Link [LNKD] (IRQs 5 9 10 *11)
[    0.902697] ACPI: Enabled 2 GPEs in block 00 to 07
[    0.904239] vgaarb: setting as boot device: PCI:0000:00:02.0
[    0.908000] vgaarb: device added: PCI:0000:00:02.0,decodes=io+mem,owns=io+mem,locks=none
[    0.908005] vgaarb: loaded
[    0.912003] vgaarb: bridge control possible 0000:00:02.0
[    0.916420] SCSI subsystem initialized
[    0.924162] ACPI: bus type USB registered
[    0.928043] usbcore: registered new interface driver usbfs
[    0.932033] usbcore: registered new interface driver hub
[    0.936011] usbcore: registered new device driver usb
[    0.944593] PCI: Using ACPI for IRQ routing
[    0.948870] NetLabel: Initializing
[    0.952002] NetLabel:  domain hash size = 128
[    0.956002] NetLabel:  protocols = UNLABELED CIPSOv4
[    0.960018] NetLabel:  unlabeled traffic allowed by default
[    0.964146] amd_nb: Cannot enumerate AMD northbridges
[    0.968308] clocksource: Switched to clocksource kvm-clock
[    0.987826] AppArmor: AppArmor Filesystem Enabled
[    0.987826] pnp: PnP ACPI init
[    0.987826] pnp: PnP ACPI: found 3 devices
[    1.062512] clocksource: acpi_pm: mask: 0xffffff max_cycles: 0xffffff, max_idle_ns: 2085701024 ns
[    1.064702] NET: Registered protocol family 2
[    1.076527] TCP established hash table entries: 8192 (order: 4, 65536 bytes)
[    1.083111] TCP bind hash table entries: 8192 (order: 5, 131072 bytes)
[    1.086809] TCP: Hash tables configured (established 8192 bind 8192)
[    1.086809] UDP hash table entries: 512 (order: 2, 16384 bytes)
[    1.100578] UDP-Lite hash table entries: 512 (order: 2, 16384 bytes)
[    1.104455] NET: Registered protocol family 1
[    1.104455] pci 0000:00:00.0: Limiting direct PCI/PCI transfers
[    1.115330] pci 0000:00:01.0: Activating ISA DMA hang workarounds
[    1.121652] Unpacking initramfs...
[    1.541434] Freeing initrd memory: 14888K
[    1.545958] clocksource: tsc: mask: 0xffffffffffffffff max_cycles: 0x1e717e40680, max_idle_ns: 440795297614 ns
[    1.555830] platform rtc_cmos: registered platform RTC device (no PNP device found)
[    1.562728] Scanning for low memory corruption every 60 seconds
[    1.569891] audit: initializing netlink subsys (disabled)
[    1.574904] audit: type=2000 audit(1680216549.557:1): initialized
[    1.580678] Initialise system trusted keyring
[    1.586054] HugeTLB registered 2 MB page size, pre-allocated 0 pages
[    1.594414] zbud: loaded
[    1.597792] VFS: Disk quotas dquot_6.6.0
[    1.601730] VFS: Dquot-cache hash table entries: 512 (order 0, 4096 bytes)
[    1.608563] squashfs: version 4.0 (2009/01/31) Phillip Lougher
[    1.616963] fuse init (API version 7.23)
[    1.621246] Key type big_key registered
[    1.625312] Allocating IMA MOK and blacklist keyrings.
[    1.641507] Key type asymmetric registered
[    1.646204] Asymmetric key parser 'x509' registered
[    1.650991] Block layer SCSI generic (bsg) driver version 0.4 loaded (major 249)
[    1.657957] io scheduler noop registered
[    1.661811] io scheduler deadline registered (default)
[    1.666731] io scheduler cfq registered
[    1.670785] pci_hotplug: PCI Hot Plug PCI Core version: 0.5
[    1.675784] pciehp: PCI Express Hot Plug Controller Driver version: 0.4
[    1.682107] ACPI: AC Adapter [AC] (on-line)
[    1.686229] input: Power Button as /devices/LNXSYSTM:00/LNXPWRBN:00/input/input0
[    1.693059] ACPI: Power Button [PWRF]
[    1.696747] input: Sleep Button as /devices/LNXSYSTM:00/LNXSLPBN:00/input/input1
[    1.703463] ACPI: Sleep Button [SLPF]
[    1.708234] GHES: HEST is not enabled!
[    1.709734] ACPI: Battery Slot [BAT0] (battery present)
[    1.717364] Serial: 8250/16550 driver, 32 ports, IRQ sharing enabled
[    1.749506] 00:02: ttyS0 at I/O 0x3f8 (irq = 4, base_baud = 115200) is a 16550A
[    1.780454] Linux agpgart interface v0.103
[    1.802139] loop: module loaded
[    1.809709] scsi host0: ata_piix
[    1.814477] scsi host1: ata_piix
[    1.817931] ata1: PATA max UDMA/33 cmd 0x1f0 ctl 0x3f6 bmdma 0xd000 irq 14
[    1.818381] ata2: PATA max UDMA/33 cmd 0x170 ctl 0x376 bmdma 0xd008 irq 15
[    1.835863] libphy: Fixed MDIO Bus: probed
[    1.842144] tun: Universal TUN/TAP device driver, 1.6
[    1.847976] tun: (C) 1999-2004 Max Krasnyansky <maxk@qualcomm.com>
[    1.854749] PPP generic driver version 2.4.2
[    1.859472] ehci_hcd: USB 2.0 'Enhanced' Host Controller (EHCI) Driver
[    1.865620] ehci-pci: EHCI PCI platform driver
[    1.870088] ehci-platform: EHCI generic platform driver
[    1.874895] ohci_hcd: USB 1.1 'Open' Host Controller (OHCI) Driver
[    1.881141] ohci-pci: OHCI PCI platform driver
[    1.885684] ohci-platform: OHCI generic platform driver
[    1.890668] uhci_hcd: USB Universal Host Controller Interface driver
[    1.897043] i8042: PNP: PS/2 Controller [PNP0303:PS2K,PNP0f03:PS2M] at 0x60,0x64 irq 1,12
[    1.908512] serio: i8042 KBD port at 0x60,0x64 irq 1
[    1.912311] serio: i8042 AUX port at 0x60,0x64 irq 12
[    1.918543] mousedev: PS/2 mouse device common for all mice
[    1.928671] input: AT Translated Set 2 keyboard as /devices/platform/i8042/serio0/input/input2
[    1.936662] rtc_cmos rtc_cmos: rtc core: registered rtc_cmos as rtc0
[    1.943093] rtc_cmos rtc_cmos: alarms up to one day, 114 bytes nvram
[    1.949257] i2c /dev entries driver
[    1.956187] device-mapper: uevent: version 1.0.3
[    1.963655] device-mapper: ioctl: 4.34.0-ioctl (2015-10-28) initialised: dm-devel@redhat.com
[    1.975130] ledtrig-cpu: registered to indicate activity on CPUs
[    1.984358] NET: Registered protocol family 10
[    1.990571] NET: Registered protocol family 17
[    1.995858] Key type dns_resolver registered
[    2.001634] registered taskstats version 1
[    2.007078] Loading compiled-in X.509 certificates
[    2.013533] Loaded X.509 cert 'Build time autogenerated kernel key: cf00e047681d67edb2720680708b7d9498083038'
[    2.051767] zswap: loaded using pool lzo/zbud
[    2.059921] Key type trusted registered
[    2.072637] Key type encrypted registered
[    2.077012] AppArmor: AppArmor sha1 policy hashing enabled
[    2.082082] ima: No TPM chip found, activating TPM-bypass!
[    2.087635] ima: Allocated hash algorithm: sha1
[    2.091920] evm: HMAC attrs: 0x1
[    2.096930]   Magic number: 15:359:857
[    2.101417] rtc_cmos rtc_cmos: setting system clock to 2023-03-30 22:49:06 UTC (1680216546)
[    2.109674] BIOS EDD facility v0.16 2004-Jun-25, 0 devices found
[    2.113567] EDD information not available.
[    2.121598] Freeing unused kernel memory: 1492K
[    2.125983] Write protecting the kernel read-only data: 14336k
[    2.132552] Freeing unused kernel memory: 1584K
[    2.137214] Freeing unused kernel memory: 52K
Loading, please wait...
starting version 229
[    2.169952] random: systemd-udevd: uninitialized urandom read (16 bytes read, 9 bits of entropy available)
[    2.171071] random: udevadm: uninitialized urandom read (16 bytes read, 9 bits of entropy available)
[    2.171113] random: udevadm: uninitialized urandom read (16 bytes read, 9 bits of entropy available)
[    2.185503] random: udevadm: uninitialized urandom read (16 bytes read, 9 bits of entropy available)
[    2.185554] random: udevadm: uninitialized urandom read (16 bytes read, 9 bits of entropy available)
[    2.185775] random: udevadm: uninitialized urandom read (16 bytes read, 9 bits of entropy available)
[    2.185887] random: udevadm: uninitialized urandom read (16 bytes read, 9 bits of entropy available)
[    2.185981] random: udevadm: uninitialized urandom read (16 bytes read, 9 bits of entropy available)
[    2.186083] random: udevadm: uninitialized urandom read (16 bytes read, 9 bits of entropy available)
[    2.186145] random: udevadm: uninitialized urandom read (16 bytes read, 9 bits of entropy available)
[    2.318965] e1000: Intel(R) PRO/1000 Network Driver - version 7.3.21-k8-NAPI
[    2.327727] e1000: Copyright (c) 1999-2006 Intel Corporation.
[    2.348944] Fusion MPT base driver 3.04.20
[    2.352125] Copyright (c) 1999-2008 LSI Corporation
[    2.387475] Fusion MPT SPI Host driver 3.04.20
[    2.422484] SSE version of gcm_enc/dec engaged.
[    3.375709] e1000 0000:00:03.0 eth0: (PCI:33MHz:32-bit) 02:be:82:6b:cc:1d
[    3.382808] e1000 0000:00:03.0 eth0: Intel(R) PRO/1000 Network Connection
[    3.392979] mptbase: ioc0: Initiating bringup
[    3.422663] input: ImExPS/2 Generic Explorer Mouse as /devices/platform/i8042/serio1/input/input4
[    3.474784] ioc0: LSI53C1030 A0: Capabilities={Initiator}
[    4.111110] scsi host2: ioc0: LSI53C1030 A0, FwRev=00000000h, Ports=1, MaxQ=256, IRQ=20
[    4.425172] scsi 2:0:0:0: Direct-Access     VBOX     HARDDISK         1.0  PQ: 0 ANSI: 5
[    4.442702] scsi target2:0:0: Beginning Domain Validation
[    4.461658] scsi target2:0:0: Domain Validation skipping write tests
[    4.470139] scsi target2:0:0: Ending Domain Validation
[    4.476940] scsi target2:0:0: asynchronous
[    4.485954] scsi 2:0:1:0: Direct-Access     VBOX     HARDDISK         1.0  PQ: 0 ANSI: 5
[    4.495123] scsi target2:0:1: Beginning Domain Validation
[    4.510340] scsi target2:0:1: Domain Validation skipping write tests
[    4.516291] scsi target2:0:1: Ending Domain Validation
[    4.522471] scsi target2:0:1: asynchronous
[    4.552622] sd 2:0:0:0: Attached scsi generic sg0 type 0
[    4.560220] sd 2:0:0:0: [sda] 83886080 512-byte logical blocks: (42.9 GB/40.0 GiB)
[    4.569953] sd 2:0:1:0: Attached scsi generic sg1 type 0
[    4.577643] sd 2:0:1:0: [sdb] 20480 512-byte logical blocks: (10.5 MB/10.0 MiB)
[    4.613635] sd 2:0:0:0: [sda] Write Protect is off
[    4.620922] sd 2:0:1:0: [sdb] Write Protect is off
[    4.627696] sd 2:0:0:0: [sda] Incomplete mode parameter data
[    4.635077] sd 2:0:0:0: [sda] Assuming drive cache: write through
[    4.643059] sd 2:0:1:0: [sdb] Incomplete mode parameter data
[    4.649767] sd 2:0:1:0: [sdb] Assuming drive cache: write through
[    4.665106]  sda: sda1
[    4.673332] sd 2:0:0:0: [sda] Attached SCSI disk
[    4.681320] sd 2:0:1:0: [sdb] Attached SCSI disk
[    5.292721] e1000 0000:00:08.0 eth1: (PCI:33MHz:32-bit) 08:00:27:76:e4:bc
[    5.303353] e1000 0000:00:08.0 eth1: Intel(R) PRO/1000 Network Connection
[    5.313370] e1000 0000:00:03.0 enp0s3: renamed from eth0
[    5.328474] e1000 0000:00:08.0 enp0s8: renamed from eth1
Begin: Loading essential drivers ... [    7.100924] md: linear personality registered for level -1
[    7.111438] md: multipath personality registered for level -4
[    7.122737] md: raid0 personality registered for level 0
[    7.147847] md: raid1 personality registered for level 1
[    7.228781] raid6: sse2x1   gen()  8092 MB/s
[    7.301994] raid6: sse2x1   xor()  5243 MB/s
[    7.373405] raid6: sse2x2   gen() 13236 MB/s
[    7.444159] raid6: sse2x2   xor()  8795 MB/s
[    7.516697] raid6: sse2x4   gen() 14802 MB/s
[    7.588169] raid6: sse2x4   xor()  9214 MB/s
[    7.592607] raid6: using algorithm sse2x4 gen() 14802 MB/s
[    7.597534] raid6: .... xor() 9214 MB/s, rmw enabled
[    7.602091] raid6: using ssse3x2 recovery algorithm
[    7.609233] xor: measuring software checksum speed
[    7.652226]    prefetch64-sse: 24704.000 MB/sec
[    7.696744]    generic_sse: 19320.000 MB/sec
[    7.701713] xor: using function: prefetch64-sse (24704.000 MB/sec)
[    7.710604] async_tx: api initialized (async)
[    7.759798] md: raid6 personality registered for level 6
[    7.765864] md: raid5 personality registered for level 5
[    7.770964] md: raid4 personality registered for level 4
[    7.797782] md: raid10 personality registered for level 10
done.
Begin: Running /scripts/init-premount ... done.
Begin: Mounting root file system ... Begin: Running /scripts/local-top ... done.
Begin: Running /scripts/local-premount ... [    7.895158] Btrfs loaded
Scanning for Btrfs filesystems
done.
Warning: fsck not present, so skipping root file system
[    7.973702] EXT4-fs (sda1): mounted filesystem with ordered data mode. Opts: (null)
done.
Begin: Running /scripts/local-bottom ... done.
Begin: Running /scripts/init-bottom ... done.
[    8.175771] systemd[1]: systemd 229 running in system mode. (+PAM +AUDIT +SELINUX +IMA +APPARMOR +SMACK +SYSVINIT +UTMP +LIBCRYPTSETUP +GCRYPT +GNUTLS +ACL +XZ -LZ4 +SECCOMP +BLKID +ELFUTILS +KMOD -IDN)
[    8.192743] systemd[1]: Detected virtualization oracle.
[    8.197799] systemd[1]: Detected architecture x86-64.

Welcome to [1mUbuntu 16.04.7 LTS[0m!

[    8.214358] systemd[1]: Set hostname to <ubuntu-xenial>.
[    8.486548] systemd[1]: Set up automount Arbitrary Executable File Formats File System Automount Point.
[[0;32m  OK  [0m] Set up automount Arbitrary Executab...ats File System Automount Point.
[    8.502076] systemd[1]: Started Trigger resolvconf update for networkd DNS.
[[0;32m  OK  [0m] Started Trigger resolvconf update for networkd DNS.
[    8.513801] systemd[1]: Started Forward Password Requests to Wall Directory Watch.
[[0;32m  OK  [0m] Started Forward Password Requests to Wall Directory Watch.
[    8.527024] systemd[1]: Listening on udev Control Socket.
[[0;32m  OK  [0m] Listening on udev Control Socket.
[    8.538222] systemd[1]: Listening on LVM2 metadata daemon socket.
[[0;32m  OK  [0m] Listening on LVM2 metadata daemon socket.
[    8.550127] systemd[1]: Reached target System Time Synchronized.
[[0;32m  OK  [0m] Reached target System Time Synchronized.
[    8.561682] systemd[1]: Listening on Journal Socket.
[[0;32m  OK  [0m] Listening on Journal Socket.
[    8.572044] systemd[1]: Reached target Swap.
[[0;32m  OK  [0m] Reached target Swap.
[    8.582140] systemd[1]: Listening on Journal Socket (/dev/log).
[[0;32m  OK  [0m] Listening on Journal Socket (/dev/log).
[    8.594121] systemd[1]: Created slice System Slice.
[[0;32m  OK  [0m] Created slice System Slice.
[    8.616620] systemd[1]: Starting Uncomplicated firewall...
         Starting Uncomplicated firewall...
[    8.630488] systemd[1]: Mounting Debug File System...
         Mounting Debug File System...
[    8.648553] systemd[1]: Starting Load Kernel Modules...
         Starting Load Kernel Modules...
[    8.667471] systemd[1]: Starting Nameserver information manager...
         Starting Nameserver information manager...[    8.681446] Loading iSCSI transport class v2.0-870.

[    8.685742] systemd[1]: Listening on udev Kernel Socket.
[[0;32m  OK  [0m] Listening on udev Kernel Socket.
[    8.700956] systemd[1]: Created slice system-serial\x2dgetty.slice.
[[0;32m  OK  [0m] [    8.713942] iscsi: registered transport (tcp)
Created slice system-serial\x2dgetty.slice.
[    8.719632] systemd[1]: Reached target User and Group Name Lookups.
[[0;32m  OK  [0m] Reached target User and Group Name Lookups.
[    8.735738] systemd[1]: Listening on Journal Audit Socket.
[[0;32m  OK  [0m] Listening on Journal Audit Socket.
[    8.758005] random: nonblocking pool is initialized
[    8.780632] systemd[1]: Mounting POSIX Message Queue File System...
         Mounting POSIX Message Queue File System...
[    8.802948] systemd[1]: Listening on /dev/initctl Compatibility Named Pipe.
[[0;32m  OK  [0m] Listening on /dev/initctl Compatibility Named Pipe.
[    8.821799] systemd[1]: Listening on fsck to fsckd communication Socket.
[[0;32m  OK  [0m] Listening on fsck to fsckd communication Socket.
[    8.838638] iscsi: registered transport (iser)
[    8.849451] systemd[1]: Starting File System Check on Root Device...
         Starting File System Check on Root Device...
[    8.867833] systemd[1]: Starting Create list of required static device nodes for the current kernel...
         Starting Create list of required st... nodes for the current kernel...
[    8.903566] systemd[1]: Listening on Device-mapper event daemon FIFOs.
[[0;32m  OK  [0m] Listening on Device-mapper event daemon FIFOs.
[    8.919442] systemd[1]: Starting Monitoring of LVM2 mirrors, snapshots etc. using dmeventd or progress polling...
         Starting Monitoring of LVM2 mirrors... dmeventd or progress polling...
[    8.937944] systemd[1]: Reached target Encrypted Volumes.
[[0;32m  OK  [0m] Reached target Encrypted Volumes.
[    8.955747] systemd[1]: Starting Set console keymap...
         Starting Set console keymap...
[    8.970025] systemd[1]: Created slice User and Session Slice.
[[0;32m  OK  [0m] Created slice User and Session Slice.
[    8.983845] systemd[1]: Reached target Slices.
[[0;32m  OK  [0m] Reached target Slices.
[    8.994376] systemd[1]: Listening on LVM2 poll daemon socket.
[[0;32m  OK  [0m] Listening on LVM2 poll daemon socket.
[    9.008424] systemd[1]: Listening on Syslog Socket.
[[0;32m  OK  [0m] Listening on Syslog Socket.
[    9.029337] systemd[1]: Starting Journal Service...
         Starting Journal Service...
[    9.046250] systemd[1]: Mounting Huge Pages File System...
         Mounting Huge Pages File System...
[    9.063109] systemd[1]: Mounted Huge Pages File System.
[[0;32m  OK  [0m] Mounted Huge Pages File System.
[    9.078074] systemd[1]: Mounted POSIX Message Queue File System.
[[0;32m  OK  [0m] Mounted POSIX Message Queue File System.
[    9.090039] systemd[1]: Mounted Debug File System.
[[0;32m  OK  [0m] Mounted Debug File System.
[    9.100789] systemd[1]: Started Journal Service.
[[0;32m  OK  [0m] Started Journal Service.
[[0;32m  OK  [0m] Started Uncomplicated firewall.
[[0;32m  OK  [0m] Started Load Kernel Modules.
[[0;32m  OK  [0m] Started File System Check on Root Device.
[[0;32m  OK  [0m] Started Create list of required sta...ce nodes for the current kernel.
[[0;32m  OK  [0m] Started Set console keymap.
[[0;32m  OK  [0m] Started Nameserver information manager.
[[0;32m  OK  [0m] Started File System Check Daemon to report status.
[[0;32m  OK  [0m] Started LVM2 metadata daemon.
         Starting Create Static Device Nodes in /dev...
         Starting Remount Root and Kernel File Systems...
         Startin[    9.250633] EXT4-fs (sda1): re-mounted. Opts: (null)
g Apply Kernel Variables...
         Mounting FUSE Control File System...
[[0;32m  OK  [0m] Started Create Static Device Nodes in /dev.
[[0;32m  OK  [0m] Started Remount Root and Kernel File Systems.
[[0;32m  OK  [0m] Started Apply Kernel Variables.
[[0;32m  OK  [0m] Mounted FUSE Control File System.
         Starting Load/Save Random Seed...
         Starting Flush Journal to Persistent Storage...
         Starting udev Coldplug all Devices...
         Starting udev Kernel Device Manager...
[[0;32m  OK  [0m] Started Monitoring of LVM2 mirrors,...ng dmeventd or progress polling.
[[0;32m  OK  [0m] Started Load/Save Random Seed.
[[0;32m  OK  [0m] Reached target Local File Systems (Pre).
[[0;32m  OK  [0m] Reached target Local File Systems.
         Starting Initial cloud-init job (pre-networking)...
         Starting Tell Plymouth To Write Out Runtime Data...
         Starting LSB: AppArmor initialization...
         Starting Set console font and keymap...
[[0;32m  OK  [0m] Started udev Kernel Device Manager.
[[0;32m  OK  [0m] Started udev Coldplug all Devices.
[[0;32m  OK  [0m] Started Tell Plymouth To Write Out Runtime Data.
[[0;32m  OK  [0m] Started Dispatch Password Requests to Console Directory Watch.
[[0;32m  OK  [0m] Started Flush Journal to Persistent Storage.
         Starting Create Volatile Files and Directories...
[[0;32m  OK  [0m] Started Create Volatile Files and Directories.
         Starting Update UTMP about System Boot/Shutdown...
[[0;32m  OK  [0m] Started Update UTMP about System Boot/Shutdown.
[[0;32m  OK  [0m] Started LSB: AppArmor initialization.
         Starting Load AppArmor profiles managed internally by snapd...
[[0;32m  OK  [0m] Started Load AppArmor profiles managed internally by snapd.
[[0;32m  OK  [0m] Found device /dev/ttyS0.
[[0;32m  OK  [0m] Found device 82540EM Gigabit Ethern...r (PRO/1000 MT Desktop Adapter).
[[0;32m  OK  [0m] Found device 82540EM Gigabit Ethern...r (PRO/1000 MT Desktop Adapter).
[[0;32m  OK  [0m] Listening on Load/Save RF Kill Switch Status /dev/rfkill Watch.
[   11.856763] cloud-init[477]: Cloud-init v. 21.1-19-gbad84ad4-0ubuntu1~16.04.2 running 'init-local' at Thu, 30 Mar 2023 22:49:15 +0000. Up 11.23 seconds.[[0;32m  OK  [0m] Started Initial cloud-init job (pre-networking).
[[0;32m  OK  [0m] Started Set console font and keymap.
[[0;32m  OK  [0m] Created slice system-getty.slice.
[[0;32m  OK  [0m] Reached target Network (Pre).

[[0;32m  OK  [0m] Started ifup for enp0s8.
[[0;32m  OK  [0m] Started ifup for enp0s3.
         Starting Raise network interfaces...
[[0;32m  OK  [0m] Started Raise network interfaces.
         Starting Initial cloud-init job (metadata service crawler)...
[[0;32m  OK  [0m] Reached target Network.
[   14.466791] cloud-init[1110]: Cloud-init v. 21.1-19-gbad84ad4-0ubuntu1~16.04.2 running 'init' at Thu, 30 Mar 2023 22:49:18 +0000. Up 14.19 seconds.
[   14.478573] cloud-init[1110]: ci-info: ++++++++++++++++++++++++++++++++++++++Net device info+++++++++++++++++++++++++++++++++++++++
[   14.490478] cloud-init[1110]: ci-info: +--------+------+-----------------------------+---------------+--------+-------------------+
[   14.502755] cloud-init[[0;32m  OK  [0m] Started Initial cloud-init job (metadata service crawler).
[[0;32m  OK  [0m] Reached target System Initialization.
[1110]: ci-info: | Device |  Up  |           Address           |      Mask     | Scope  |     Hw-Address    |
[   14.522436] cloud-init[1110]: ci-info: +--------+------+-----------------------------+---------------+--------+-------------------+
[   14.530806] cloud-init[1110]: ci-info: | enp0s3 | True |          10.0.2.15          | 255.255.255.0 | global | 02:be:82:6b:cc:1d |
[   14.537590] cloud-init[1110]: ci-info: | enp0s3 | True |  fe80::be:82ff:fe6b:cc1d/64 |       .       |  link  | 02:be:82:6b:cc:1d |
[   14.544272] cloud-init[1110]: ci-info: | enp0s8 | True |         10.26.12.61         | 255.255.255.0 | global | 08:00:27:76:e4:bc |
[   14.550891] cloud-init[1110]: ci-info: | enp0s8 | True | fe80::a00:27ff:fe76:e4bc/64 |       .       |  link  | 08:00:27:76:e4:bc |
[   14.557881] cloud-init[1110]: ci-info: |   lo   | True |          127.0.0.1          |   255.0.0.0   |  host  |         .         |
[[0;32m  OK  [0m] Started Daily apt download activities.
[   14.566440] [[0;32m  OK  [0m] Listening on D-Bus System Message Bus Socket.
[[0;32m  OK  [0m] Listening on ACPID Listen Socket.
[[0;32m  OK  [0m] Started Ubuntu Advantage Timer for running repeated jobs.
         Starting Socket activation for snappy daemon.
[[0;32m  OK  [0m] Started Message of the Day.
[[0;32m  OK  [0m] Listening on UUID daemon activation socket.
cloud-init[1110]: ci-info: |   lo   | True |           ::1/128           |       .       |  host  |         .         |
[[0;32m  OK  [0m] Started ACPI Events Check.
[   14.585223] [[0;32m  OK  [0m] Reached target Paths.
[[0;32m  OK  [0m] Started Daily apt upgrade and clean activities.
[[0;32m  OK  [0m] Started Daily Cleanup of Temporary Directories.
[[0;32m  OK  [0m] Reached target Timers.
         Starting LXD - unix socket.
[[0;32m  OK  [0m] Reached target Cloud-config availability.
[[0;32m  OK  [0m] Reached target Network is Online.
cloud-init[1110]: ci-info: +--------+------+-----------------------------+---------------+--------+-------------------+
[   14.605721] cloud-init[1110]: ci-info: +++++++++++++++++++++++++++Route IPv4 info++++++++++++++++++++++++++++         Starting iSCSI initiator daemon (iscsid)...
[[0;32m  OK  [0m] Listening on Socket activation for snappy daemon.
[[0;32m  OK  [0m] Listening on LXD - unix socket.
[[0;32m  OK  [0m] Reached target Sockets.
[[0;32m  OK  [0m] Reached target Basic System.
         Starting Login Service...
[[0;32m  OK  [0m] Started Deferred execution scheduler.
         Starting LSB: MD monitoring daemon...
         Starting /etc/rc.local Compatibility...
         Starting A high performance web server and a reverse proxy server...
         Starting LSB: Record successful boot for GRUB...
         Starting LXD - container startup/shutdown...
[[0;32m  OK  [0m] Started D-Bus System Message Bus.

[   14.662702] cloud-init[1110]: ci-info: +-------+-------------+----------+---------------+-----------+-------+
[   14.685157] cloud-init[1110]: ci-info: | Route | Destination | Gateway  |    Genmask    | Interface | Flags |
[   14.693520] cloud-init[1110]: ci-info: +-------+-------------+----------+---------------+-----------+-------+
[   14.702573] cloud-init[1110]: ci-info: |   0   |   0.0.0.0   | 10.0.2.2 |    0.0.0.0    |   enp0s3  |   UG  |
[   14.734172] cloud-init[1110]: ci-info: |   1   |   10.0.2.0  | 0.0.0.0  | 255.255.255.0 |   enp0s3  |   U   |
[   14.765143]          Starting System Logging Service...
cloud-init[[0;32m  OK  [0m] Started ACPI event daemon.
         Starting Accounts Service...
         Starting Virtualbox guest utils...
[[0;32m  OK  [0m] Started Regular background program processing daemon.
[[0;32m  OK  [0m] Started FUSE filesystem for LXC.
         Starting OpenBSD Secure Shell server...
         Starting Snap Daemon...
[[0;32m  OK  [0m] Started /etc/rc.local Compatibility.
[1110]: ci-info: |   2   |  10.26.12.0 | 0.0.0.0  | 255.255.255.0 |   enp0s8  |   U   |[[0;32m  OK  [0m] Started Login Service.
[[0;32m  OK  [0m] Started Unattended Upgrades Shutdown.
[[0;32m  OK  [0m] Started iSCSI initiator daemon (iscsid).
         Starting Login to default iSCSI targets...

[   14.973180] [[0;32m  OK  [0m] Started LSB: Record successful boot for GRUB.
[[0;32m  OK  [0m] Started LSB: MD monitoring daemon.
[[0;32m  OK  [0m] Started LXD - container startup/shutdown.
cloud-init[[0;32m  OK  [0m] Started System Logging Service.
[1110]: [[0;32m  OK  [0m] Started Login to default iSCSI targets.
[[0;32m  OK  [0m] Reached target Remote File Systems (Pre).
         Mounting /vagrant...
[[0;32m  OK  [0m] Started OpenBSD Secure Shell server.
ci-info: +-------+-------------+----------+---------------+-----------+-------+[[0;32m  OK  [0m] Started A high performance web server and a reverse proxy server.
[[0;1;31mFAILED[0m] Failed to mount /vagrant.
See 'systemctl status vagrant.mount' for details.
[[0;1;33mDEPEND[0m] Dependency failed for Remote File Systems.

[   15.146861]          Starting Permit User Sessions...
         Starting LSB: automatic crash report generation...
cloud-init         Starting LSB: Set the CPU Frequency Scaling governor to "ondemand"...
         Starting LSB: daemon to balance interrupts for SMP systems...
[[0;32m  OK  [0m] Started Permit User Sessions.
         Starting Authenticate and Authorize Users to Run Privileged Tasks...
         Starting Terminate Plymouth Boot Screen...
         Starting Hold until boot process finishes up...
[[0;32m  OK  [0m] Started Terminate Plymouth Boot Screen.
[[0;32m  OK  [0m] Started Hold until boot process finishes up.
[[0;32m  OK  [0m] Started Getty on tty1.
[[0;32m  OK  [0m] Started Serial Getty on ttyS0.
[[0;32m  OK  [0m] Reached target Login Prompts.
         Starting Set console scheme...
[[0;32m  OK  [0m] Started Set console scheme.
[[0;32m  OK  [0m] Started LSB: Set the CPU Frequency Scaling governor to "ondemand".
[1110]: ci-info: +++++++++++++++++++Route IPv6 info+++++++++++++++++++
[   15.259053] cloud-init[1110]: [[0;32m  OK  [0m] Started LSB: daemon to balance interrupts for SMP systems.
ci-info: +-------+-------------+---------+-----------+-------+
[   15.339742] cloud-init[1110]: [[0;32m  OK  [0m] Started LSB: automatic crash report generation.
ci-info: | Route | Destination | Gateway | Interface | Flags |
[   15.375220] cloud-init[1110]: ci-info: +-------+-------------+---------+-----------+-------+
[[0;32m  OK  [0m] Started Authenticate and Authorize Users to Run Privileged Tasks.
[   15.391296] [[0;32m  OK  [0m] Started Accounts Service.
cloud-init[1110]: ci-info: |   0   |  fe80::/64  |    ::   |   enp0s8  |   U   |
[   15.409098] cloud-init[1110]: ci-info: |   1   |  fe80::/64  |    ::   |   enp0s3  |   U   |
[   15.433592] cloud-init[1110]: ci-info: |   6   |   ff00::/8  |    ::   |   enp0s8  |   U   |
[   15.449000] cloud-init[1110]: ci-info: |   7   |   ff00::/8  |    ::   |   enp0s3  |   U   |
[   15.471855] cloud-init[1110]: ci-info: +-------+-------------+---------+-----------+-------+
[[0;32m  OK  [0m] Started Virtualbox guest utils.
[[0;32m  OK  [0m] Started Snap Daemon.
         Starting Wait until snapd is fully seeded...
[[0;32m  OK  [0m] Started Wait until snapd is fully seeded.
         Starting Apply the settings specified in cloud-config...
[   16.475023] cloud-init[1387]: Cloud-init v. 21.1-19-gbad84ad4-0ubuntu1~16.04.2 running 'modules:config' at Thu, 30 Mar 2023 22:49:20 +0000. Up 16.37 seconds.
[[0;32m  OK  [0m] Started Apply the settings specified in cloud-config.
         Starting cloud-id shim...
[[0;32m  OK  [0m] Started cloud-id shim.
[[0;32m  OK  [0m] Reached target Multi-User System.
[[0;32m  OK  [0m] Reached target Graphical Interface.
         Starting Update UTMP about System Runlevel Changes...
         Starting Execute cloud user/final scripts...
[[0;32m  OK  [0m] Started Update UTMP about System Runlevel Changes.
[   17.203617] cloud-init[1404]: Cloud-init v. 21.1-19-gbad84ad4-0ubuntu1~16.04.2 running 'modules:final' at Thu, 30 Mar 2023 22:49:21 +0000. Up 17.07 seconds.
[   17.214394] cloud-init[1404]: Cloud-init v. 21.1-19-gbad84ad4-0ubuntu1~16.04.2 finished at Thu, 30 Mar 2023 22:49:21 +0000. Datasource DataSourceNoCloud [seed=/dev/sdb][dsmode=net].  Up 17.19 seconds
[[0;32m  OK  [0m] Started Execute cloud user/final scripts.
         Starting Daily apt download activities...
[[0;32m  OK  [0m] Reached target Cloud-init target.
         Starting Update APT News...
         Starting Update the local ESM caches...
[[0;32m  OK  [0m] Created slice User Slice of vagrant.
         Starting User Manager for UID 1000...
[[0;32m  OK  [0m] Started Session 1 of user vagrant.
[[0;32m  OK  [0m] Started User Manager for UID 1000.
[[0;32m  OK  [0m] Started Update APT News.

Ubuntu 16.04.7 LTS ubuntu-xenial ttyS0

ubuntu-xenial login: 